<?xml version="1.0"?>
<Design xmlns:xsi="http://www.w3.org/2001/XMLSchema-instance" xmlns:xsd="http://www.w3.org/2001/XMLSchema" Name="All_5_JoinTypes_TopAsm_CA" DesignID="5c755d55-74b0-40ce-be40-05690e82e942" xmlns="avm">
  <RootContainer xmlns:q1="avm" xsi:type="q1:Compound" Name="All_5_JoinTypes_TopAsm_CA" xmlns="">
    <Container xsi:type="q1:Compound" YPosition="357" XPosition="406" Name="subAsm_4">
      <ComponentInstance XPosition="693" YPosition="287" ComponentID="b211fc08-dbd9-4374-96c4-699a728b5803" ID="{b3a54e6f-fe07-469b-8183-50c23ec88745}" Name="Comp8">
        <ConnectorInstance ConnectorComposition="{94642c21-089b-4dfb-8763-22ca13b21b95}-id-5ef5b48a-f492-4b7b-b2f7-a484cd78dfb1" ID="{b3a54e6f-fe07-469b-8183-50c23ec88745}-id-40c78038-d76f-45b3-9597-6ba1996bcb3f" ApplyJoinData="" IDinComponentModel="id-40c78038-d76f-45b3-9597-6ba1996bcb3f" />
      </ComponentInstance>
      <ComponentInstance XPosition="693" YPosition="133" ComponentID="dffc808f-3f2f-4283-ad9f-91b9caf428f8" ID="{94642c21-089b-4dfb-8763-22ca13b21b95}" Name="Comp7">
        <ConnectorInstance ConnectorComposition="{b3a54e6f-fe07-469b-8183-50c23ec88745}-id-40c78038-d76f-45b3-9597-6ba1996bcb3f" ID="{94642c21-089b-4dfb-8763-22ca13b21b95}-id-5ef5b48a-f492-4b7b-b2f7-a484cd78dfb1" ApplyJoinData="" IDinComponentModel="id-5ef5b48a-f492-4b7b-b2f7-a484cd78dfb1" />
      </ComponentInstance>
      <Connector ConnectorComposition="{351caf57-7074-4c4f-ba50-d5b46bad872c}-id-6cc237cf-0dcc-4fbe-a6a9-f4cf470c6791" ID="id-0d878650-da46-4e2f-aaec-37d4419a2aeb" ApplyJoinData="" XPosition="91" YPosition="427" Definition="" Name="WeldedConnector" />
      <JoinData d4p1:id="jde93003b0-72fc-4c8f-82d0-7e221c4d3608" xmlns:d4p1="iFAB">
        <name>MechanicalJoin</name>
        <part1 />
        <part2 />
        <description />
        <mechanical>
          <linkingPart d4p1:id="" />
          <fasteningMethod>Bolted</fasteningMethod>
          <torque>1</torque>
          <force>1</force>
        </mechanical>
      </JoinData>
    </Container>
    <Container xsi:type="q1:Compound" YPosition="210" XPosition="518" Name="subAsm_3">
      <ComponentInstance XPosition="616" YPosition="273" ComponentID="4020c4b1-f33e-4955-a8a2-25fb07a825a4" ID="{53bed7d4-bf89-438b-a8e9-1a7c4b646ed2}" Name="Comp2">
        <ConnectorInstance ConnectorComposition="{687a32f7-5178-4a37-a0ef-548c4e67b5d9}-id-269e27c9-87a1-487d-aba3-c3c385ade445" ID="{53bed7d4-bf89-438b-a8e9-1a7c4b646ed2}-id-cdc84dfa-f040-441a-a075-b8f107331a70" ApplyJoinData="" IDinComponentModel="id-3baa3a37-c0d9-443d-9b54-46647742d288" />
      </ComponentInstance>
      <ComponentInstance XPosition="616" YPosition="140" ComponentID="516e45cb-56df-4734-b514-03f1967343f7" ID="{687a32f7-5178-4a37-a0ef-548c4e67b5d9}" Name="Comp1">
        <ConnectorInstance ConnectorComposition="{53bed7d4-bf89-438b-a8e9-1a7c4b646ed2}-id-cdc84dfa-f040-441a-a075-b8f107331a70" ID="{687a32f7-5178-4a37-a0ef-548c4e67b5d9}-id-269e27c9-87a1-487d-aba3-c3c385ade445" ApplyJoinData="jd2f445f8c-119d-4b39-bb7b-01954ef280e6" IDinComponentModel="id-5c104e08-aa15-429e-8881-4e3bfaf1e393" />
      </ComponentInstance>
      <Connector ConnectorComposition="{351caf57-7074-4c4f-ba50-d5b46bad872c}-id-9cc87f84-0f22-423f-8847-481a8376839f" ID="id-0bc27d1c-4791-4ede-8309-26522718eb63" ApplyJoinData="" XPosition="112" YPosition="462" Definition="" Name="WeldedConnector" />
      <JoinData d4p1:id="jd2f445f8c-119d-4b39-bb7b-01954ef280e6" xmlns:d4p1="iFAB">
        <name>WeldedJoin</name>
        <part1 />
        <part2 />
        <description />
        <welded>
          <length>3</length>
          <jointType>Butt</jointType>
          <weldType>Stitch</weldType>
          <weldPenetration>Full</weldPenetration>
          <twoSided>true</twoSided>
          <inspectionRequirement>X-Ray</inspectionRequirement>
          <part1Thickness>0</part1Thickness>
          <part1Material>Al</part1Material>
          <part2Thickness>0</part2Thickness>
          <part2Material>Al</part2Material>
        </welded>
      </JoinData>
    </Container>
    <Container xsi:type="q1:Compound" YPosition="105" XPosition="511" Name="subAsm_5">
      <Container xsi:type="q1:Compound" YPosition="273" XPosition="616" Name="subAsm_2">
        <ComponentInstance XPosition="672" YPosition="287" ComponentID="9676c708-d3ac-4bcf-a702-9f374c28b17d" ID="{21839ed7-3337-4dd7-8588-b50738a0a285}" Name="Comp4">
          <ConnectorInstance ConnectorComposition="{1dd4e89d-b1a3-4b88-80c8-0b05295305e2}-id-2daeeeeb-e185-4c6b-bfae-da8f6d52f90e" ID="{21839ed7-3337-4dd7-8588-b50738a0a285}-id-55e4f2a5-061a-4841-aecb-e20c42700c1e" ApplyJoinData="" IDinComponentModel="id-62194b30-cafa-495a-8c15-ec770ca78355" />
        </ComponentInstance>
        <ComponentInstance XPosition="672" YPosition="133" ComponentID="eb31d017-e1f5-46a7-8711-19e86b1d83f8" ID="{1dd4e89d-b1a3-4b88-80c8-0b05295305e2}" Name="Comp3">
          <ConnectorInstance ConnectorComposition="{21839ed7-3337-4dd7-8588-b50738a0a285}-id-55e4f2a5-061a-4841-aecb-e20c42700c1e" ID="{1dd4e89d-b1a3-4b88-80c8-0b05295305e2}-id-2daeeeeb-e185-4c6b-bfae-da8f6d52f90e" ApplyJoinData="jd934383b5-9141-4108-8bb8-a02c1664cadd" IDinComponentModel="id-d286c719-f9e0-4dec-b2bc-005b158d32ef" />
        </ComponentInstance>
        <Connector ConnectorComposition="id-d8b9ae79-0e9e-439c-ab20-d3a55b5a5cf8" ID="id-80bef88d-23fd-45ca-b0ff-9ca7346fc898" ApplyJoinData="" XPosition="112" YPosition="413" Definition="" Name="SolderedConnector" />
        <JoinData d5p1:id="jd934383b5-9141-4108-8bb8-a02c1664cadd" xmlns:d5p1="iFAB">
          <name>BrazedJoin</name>
          <part1 />
          <part2 />
          <description />
          <brazed>
            <length>3</length>
            <fillerMaterial>abc</fillerMaterial>
            <fluxMaterial>def</fluxMaterial>
          </brazed>
        </JoinData>
      </Container>
      <Container xsi:type="q1:Compound" YPosition="112" XPosition="602" Name="subAsm_1">
        <ComponentInstance XPosition="630" YPosition="238" ComponentID="853a9634-241c-403e-b097-733673d47203" ID="{29e1bda8-0db6-49a3-a3a8-e4f90dff525f}" Name="Comp6">
          <ConnectorInstance ConnectorComposition="{2954d7ab-f0e2-45d8-b2ec-3700e333945c}-id-2dca65fd-6c2f-457c-a71d-e0f8ddfaa412" ID="{29e1bda8-0db6-49a3-a3a8-e4f90dff525f}-id-58725597-5eb6-4aec-b8ed-e04f80e99d9b" ApplyJoinData="" IDinComponentModel="id-052703be-d1f0-40fd-b49b-49de3538517e" />
        </ComponentInstance>
        <ComponentInstance XPosition="630" YPosition="119" ComponentID="a6e5bd3e-53b9-49e4-84da-0facd844efad" ID="{2954d7ab-f0e2-45d8-b2ec-3700e333945c}" Name="Comp5">
          <ConnectorInstance ConnectorComposition="{29e1bda8-0db6-49a3-a3a8-e4f90dff525f}-id-58725597-5eb6-4aec-b8ed-e04f80e99d9b" ID="{2954d7ab-f0e2-45d8-b2ec-3700e333945c}-id-2dca65fd-6c2f-457c-a71d-e0f8ddfaa412" ApplyJoinData="jdaeccb8a5-f6cd-4951-b163-b8c4fe76fb7b" IDinComponentModel="id-12eb7a1b-93f6-4f0c-b6ac-01e3fc7de10a" />
        </ComponentInstance>
        <Connector ConnectorComposition="id-80bef88d-23fd-45ca-b0ff-9ca7346fc898" ID="id-d8b9ae79-0e9e-439c-ab20-d3a55b5a5cf8" ApplyJoinData="jd611d9157-ee33-4021-b6fa-28b01ecf2344" XPosition="154" YPosition="364" Definition="" Name="SolderedConnector" />
        <JoinData d5p1:id="jdaeccb8a5-f6cd-4951-b163-b8c4fe76fb7b" xmlns:d5p1="iFAB">
          <name>GluedJoin</name>
          <part1 />
          <part2 />
          <description />
          <glued>
            <length>3</length>
            <volume>9</volume>
            <material>abc</material>
          </glued>
        </JoinData>
      </Container>
      <Connector ConnectorComposition="{351caf57-7074-4c4f-ba50-d5b46bad872c}-id-4055f037-4e72-4b0d-b065-7e4a5090d2dc" ID="id-d2b7d504-4885-4405-9a0a-942ac0e93c54" ApplyJoinData="" XPosition="119" YPosition="420" Definition="" Name="WeldedConnector" />
      <JoinData d4p1:id="jd611d9157-ee33-4021-b6fa-28b01ecf2344" xmlns:d4p1="iFAB">
        <name>SolderedJoin</name>
        <part1 />
        <part2 />
        <description />
        <soldered>
          <length>3</length>
          <fillerMaterial>abc</fillerMaterial>
          <fluxMaterial>def</fluxMaterial>
        </soldered>
      </JoinData>
    </Container>
    <ComponentInstance XPosition="56" YPosition="175" ComponentID="793738fd-6fbf-4fc8-8bd5-bb43ed4fb3bc" ID="{351caf57-7074-4c4f-ba50-d5b46bad872c}" Name="Comp9">
      <ConnectorInstance ConnectorComposition="id-0d878650-da46-4e2f-aaec-37d4419a2aeb" ID="{351caf57-7074-4c4f-ba50-d5b46bad872c}-id-6cc237cf-0dcc-4fbe-a6a9-f4cf470c6791" ApplyJoinData="" IDinComponentModel="id-6cc237cf-0dcc-4fbe-a6a9-f4cf470c6791" />
      <ConnectorInstance ConnectorComposition="id-0bc27d1c-4791-4ede-8309-26522718eb63" ID="{351caf57-7074-4c4f-ba50-d5b46bad872c}-id-9cc87f84-0f22-423f-8847-481a8376839f" ApplyJoinData="" IDinComponentModel="id-9cc87f84-0f22-423f-8847-481a8376839f" />
      <ConnectorInstance ConnectorComposition="id-d2b7d504-4885-4405-9a0a-942ac0e93c54" ID="{351caf57-7074-4c4f-ba50-d5b46bad872c}-id-4055f037-4e72-4b0d-b065-7e4a5090d2dc" ApplyJoinData="" IDinComponentModel="id-4055f037-4e72-4b0d-b065-7e4a5090d2dc" />
    </ComponentInstance>
    <JoinData d3p1:id="jdf54e2237-9a6c-4c23-a9e7-2338f248cb6d" xmlns:d3p1="iFAB">
      <name>WeldedJoin</name>
      <part1 />
      <part2 />
      <description />
      <welded>
        <length>3</length>
        <jointType>Butt</jointType>
        <weldType>Stitch</weldType>
        <weldPenetration>Full</weldPenetration>
        <twoSided>true</twoSided>
        <inspectionRequirement>X-Ray</inspectionRequirement>
        <part1Thickness>0</part1Thickness>
        <part1Material>Al</part1Material>
        <part2Thickness>0</part2Thickness>
        <part2Material>Al</part2Material>
      </welded>
    </JoinData>
  </RootContainer>
</Design>